---
source: owlc-parser/src/parser.rs
expression: "parse_str_as_repl(\"func()\")"
---
Stmt {
    kind: ExprSemi {
        expr: Expr {
            kind: FuncCall {
                callee: "func",
                args: [],
            },
        },
    },
}
