---
source: owlc-parser/src/parser.rs
expression: "parse_str_as_repl(\"fn func() { return 1; }\")"
---
Stmt {
    kind: Fn {
        proto: FnProto {
            args: [],
            iden: "func",
        },
        body: Some(
            Block {
                stmts: [
                    Stmt {
                        kind: Return {
                            value: Expr {
                                kind: Literal(
                                    1,
                                ),
                                span: Span {
                                    lo: BytePos(
                                        19,
                                    ),
                                    hi: BytePos(
                                        20,
                                    ),
                                },
                            },
                        },
                        span: Span {
                            lo: BytePos(
                                12,
                            ),
                            hi: BytePos(
                                20,
                            ),
                        },
                    },
                ],
            },
        ),
    },
    span: Span {
        lo: BytePos(
            0,
        ),
        hi: BytePos(
            23,
        ),
    },
}
