---
source: owlc-parser/src/parser.rs
expression: "parse_str_as_expr(\"-1\")"
---
Expr {
    kind: BinaryExpr {
        lhs: Expr {
            kind: Literal(
                0,
            ),
        },
        rhs: Expr {
            kind: Literal(
                1,
            ),
        },
        op_type: OpMinus,
    },
}
