---
source: owlc-parser/src/parser.rs
expression: "parse_str_as_expr(\"foo = foo + 1\")"
---
Expr {
    kind: BinaryExpr {
        lhs: Expr {
            kind: Identifier(
                "foo",
            ),
            span: Span {
                lo: BytePos(
                    0,
                ),
                hi: BytePos(
                    4,
                ),
            },
        },
        rhs: Expr {
            kind: BinaryExpr {
                lhs: Expr {
                    kind: Identifier(
                        "foo",
                    ),
                    span: Span {
                        lo: BytePos(
                            6,
                        ),
                        hi: BytePos(
                            10,
                        ),
                    },
                },
                rhs: Expr {
                    kind: Literal(
                        1,
                    ),
                    span: Span {
                        lo: BytePos(
                            12,
                        ),
                        hi: BytePos(
                            13,
                        ),
                    },
                },
                op_type: OpPlus,
            },
            span: Span {
                lo: BytePos(
                    6,
                ),
                hi: BytePos(
                    13,
                ),
            },
        },
        op_type: OpEquals,
    },
    span: Span {
        lo: BytePos(
            0,
        ),
        hi: BytePos(
            13,
        ),
    },
}
