---
source: owlc-parser/src/parser.rs
expression: "parse_str_as_repl(\"\")"
---
Stmt {
    kind: Noop,
    span: Span {
        lo: BytePos(
            0,
        ),
        hi: BytePos(
            0,
        ),
    },
}
