---
source: owlc-parser/src/parser.rs
expression: "parse_str_as_expr(\"func(nested_func()) + 2\")"
---
Expr {
    kind: BinaryExpr {
        lhs: Expr {
            kind: FuncCall {
                callee: "func",
                args: [
                    Expr {
                        kind: FuncCall {
                            callee: "nested_func",
                            args: [],
                        },
                        span: Span {
                            lo: BytePos(
                                5,
                            ),
                            hi: BytePos(
                                18,
                            ),
                        },
                    },
                ],
            },
            span: Span {
                lo: BytePos(
                    0,
                ),
                hi: BytePos(
                    20,
                ),
            },
        },
        rhs: Expr {
            kind: Literal(
                2,
            ),
            span: Span {
                lo: BytePos(
                    22,
                ),
                hi: BytePos(
                    23,
                ),
            },
        },
        op_type: OpPlus,
    },
    span: Span {
        lo: BytePos(
            0,
        ),
        hi: BytePos(
            23,
        ),
    },
}
