---
source: owlc-parser/src/parser.rs
expression: "parse_str_as_expr(\"my_function()\")"
---
Expr {
    kind: FuncCall {
        callee: "my_function",
        args: [],
    },
    span: Span {
        lo: BytePos(
            0,
        ),
        hi: BytePos(
            13,
        ),
    },
}
